// Jest Snapshot v1, https://goo.gl/fbAQLP

exports[`Card renders the card with correct props 1`] = `
<div>
  <div
    class="MuiPaper-root MuiPaper-elevation MuiPaper-rounded MuiPaper-elevation1 MuiCard-root css-1oqv2c0-MuiPaper-root-MuiCard-root"
  >
    <div
      class="MuiBox-root css-vnfzf1"
    >
      <span
        class="MuiCircularProgress-root MuiCircularProgress-indeterminate MuiCircularProgress-colorPrimary css-18lrjg1-MuiCircularProgress-root"
        role="progressbar"
        style="width: 40px; height: 40px;"
      >
        <svg
          class="MuiCircularProgress-svg css-1idz92c-MuiCircularProgress-svg"
          viewBox="22 22 44 44"
        >
          <circle
            class="MuiCircularProgress-circle MuiCircularProgress-circleIndeterminate css-176wh8e-MuiCircularProgress-circle"
            cx="44"
            cy="44"
            fill="none"
            r="20.2"
            stroke-width="3.6"
          />
        </svg>
      </span>
    </div>
    <img
      class="MuiCardMedia-root MuiCardMedia-media MuiCardMedia-img css-l4hmoc-MuiCardMedia-root"
      loading="lazy"
      src="pikachu.jpg"
      title="Pikachu"
    />
    <div
      class="MuiCardContent-root css-46bh2p-MuiCardContent-root"
    >
      <div
        class="MuiTypography-root MuiTypography-h4 MuiTypography-gutterBottom css-3ra5la-MuiTypography-root"
      >
        Pikachu
      </div>
      <div
        class="MuiBox-root css-16wajk8"
      >
        <p
          class="MuiTypography-root MuiTypography-body2 css-r40f8v-MuiTypography-root"
        >
          Height : 
          23
        </p>
        <p
          class="MuiTypography-root MuiTypography-body2 css-r40f8v-MuiTypography-root"
        >
          Weight : 
          34
        </p>
      </div>
      <p
        class="MuiTypography-root MuiTypography-body2 css-1q3l2w3-MuiTypography-root"
      >
        Location:
        <a
          href="https://pokeapi.co/api/v2/pokemon/25"
          rel="noreffer"
          target="_blank"
        >
          https://pokeapi.co/api/v2/pokemon/25
        </a>
      </p>
      <div
        class="MuiBox-root css-0"
      >
        <div
          class="MuiTypography-root MuiTypography-h6 css-2ulfj5-MuiTypography-root"
        >
          Abilities
        </div>
        <ul
          class="MuiList-root MuiList-padding css-1ept1ed-MuiList-root"
        >
          <li
            class="MuiListItem-root MuiListItem-gutters MuiListItem-padding css-1p823my-MuiListItem-root"
          >
            <div
              class="MuiListItemText-root MuiListItemText-multiline css-konndc-MuiListItemText-root"
            >
              <span
                class="MuiTypography-root MuiTypography-body1 MuiListItemText-primary css-10hburv-MuiTypography-root"
              >
                Ability 1
              </span>
              <p
                class="MuiTypography-root MuiTypography-body2 MuiListItemText-secondary css-83ijpv-MuiTypography-root"
              >
                https://pokeapi.co/api/v2/ability/1
              </p>
            </div>
          </li>
          <li
            class="MuiListItem-root MuiListItem-gutters MuiListItem-padding css-1p823my-MuiListItem-root"
          >
            <div
              class="MuiListItemText-root MuiListItemText-multiline css-konndc-MuiListItemText-root"
            >
              <span
                class="MuiTypography-root MuiTypography-body1 MuiListItemText-primary css-10hburv-MuiTypography-root"
              >
                Ability 2
              </span>
              <p
                class="MuiTypography-root MuiTypography-body2 MuiListItemText-secondary css-83ijpv-MuiTypography-root"
              >
                https://pokeapi.co/api/v2/ability/2
              </p>
            </div>
          </li>
        </ul>
      </div>
    </div>
  </div>
</div>
`;
